// Jest Snapshot v1, https://goo.gl/fbAQLP

exports[`should render Login correctly 1`] = `
<div
  className="box-layout"
>
  <div
    className="box-layout__box"
  >
    <h1
      className="box-layout__title"
    >
      Expensify
    </h1>
    <p>
      It's time to sort out your expenses
    </p>
    <button
      className="button"
      onClick={[Function]}
    >
      Login With Google
    </button>
  </div>
</div>
`;
